Traceback (most recent call last):
  File "/usr/local/lib/python3.10/dist-packages/triton/language/core.py", line 35, in wrapper
    return fn(*args, **kwargs)
  File "/usr/local/lib/python3.10/dist-packages/triton/language/core.py", line 1534, in dot
    return semantic.dot(input, other, acc, input_precision, max_num_imprecise_acc, out_dtype, _builder)
  File "/usr/local/lib/python3.10/dist-packages/triton/language/semantic.py", line 1371, in dot
    and rhs.shape[-1].value >= 16, \
AssertionError: All non-batch values in both first input shape ([constexpr[8], constexpr[128]]) and second input shape ([constexpr[128], constexpr[8]]) must be >= 16!

The above exception was the direct cause of the following exception:

Traceback (most recent call last):
  File "/workspace/GEAK-agent/src/TritonBench/performance_metrics/perf_G/./golden_metrics/chunk_delta_fwd_perf.py", line 7, in <module>
    from TritonBench_G_v1.chunk_delta_fwd import chunk_fwd_h_fn  # Correctly import the function
  File "/workspace/GEAK-agent/src/TritonBench/data/TritonBench_G_v1/chunk_delta_fwd.py", line 135, in <module>
    result_gold = test_chunk_fwd_h_fn()
  File "/workspace/GEAK-agent/src/TritonBench/data/TritonBench_G_v1/chunk_delta_fwd.py", line 123, in test_chunk_fwd_h_fn
    h, v_new = chunk_fwd_h_fn(k, w, u, BT, initial_state=None, final_state=None)
  File "/workspace/GEAK-agent/src/TritonBench/data/TritonBench_G_v1/chunk_delta_fwd.py", line 92, in chunk_fwd_h_fn
    chunk_delta_rule_fwd_kernel_h[grid](
  File "/usr/local/lib/python3.10/dist-packages/triton/runtime/jit.py", line 345, in <lambda>
    return lambda *args, **kwargs: self.run(grid=grid, warmup=False, *args, **kwargs)
  File "/usr/local/lib/python3.10/dist-packages/triton/runtime/autotuner.py", line 156, in run
    timings = {config: self._bench(*args, config=config, **kwargs) for config in pruned_configs}
  File "/usr/local/lib/python3.10/dist-packages/triton/runtime/autotuner.py", line 156, in <dictcomp>
    timings = {config: self._bench(*args, config=config, **kwargs) for config in pruned_configs}
  File "/usr/local/lib/python3.10/dist-packages/triton/runtime/autotuner.py", line 133, in _bench
    return do_bench(kernel_call, warmup=self.num_warmups, rep=self.num_reps, quantiles=(0.5, 0.2, 0.8))
  File "/usr/local/lib/python3.10/dist-packages/triton/testing.py", line 106, in do_bench
    fn()
  File "/usr/local/lib/python3.10/dist-packages/triton/runtime/autotuner.py", line 114, in kernel_call
    self.fn.run(
  File "/usr/local/lib/python3.10/dist-packages/triton/runtime/jit.py", line 662, in run
    kernel = self.compile(
  File "/usr/local/lib/python3.10/dist-packages/triton/compiler/compiler.py", line 276, in compile
    module = src.make_ir(options, codegen_fns, context)
  File "/usr/local/lib/python3.10/dist-packages/triton/compiler/compiler.py", line 113, in make_ir
    return ast_to_ttir(self.fn, self, context=context, options=options, codegen_fns=codegen_fns)
triton.compiler.errors.CompilationError: at 49:19:
        p_h = tl.make_block_ptr(h + i_bh * s_h_h + i_t * K * V, (K, V), (s_h_t, 1), (i_k * BK, i_v * BV), (BK, BV), (1, 0))
        tl.store(p_h, b_h.to(p_h.dtype.element_ty), boundary_check=(0, 1))
        b_h_cumsum = tl.zeros([BK, BV], dtype=tl.float32)
        for i_c in range(tl.cdiv(BT, BC)):
            p_k = tl.make_block_ptr(k + i_bh * s_qk_h, (K, T), (s_qk_d, s_qk_t), (i_k * BK, i_t * BT + i_c * BC), (BK, BC), (0, 1))
            p_d = tl.make_block_ptr(d + i_bh * s_qk_h, (T, K), (s_qk_t, s_qk_d), (i_t * BT + i_c * BC, i_k * BK), (BC, BK), (1, 0))
            p_v = tl.make_block_ptr(v + i_bh * s_vo_h, (T, V), (s_vo_t, s_vo_d), (i_t * BT + i_c * BC, i_v * BV), (BC, BV), (1, 0))
            p_v_new = tl.make_block_ptr(v_new + i_bh * s_vo_h, (T, V), (s_vo_t, s_vo_d), (i_t * BT + i_c * BC, i_v * BV), (BC, BV), (1, 0))   
            b_k = tl.load(p_k, boundary_check=(0, 1))
            b_d = tl.load(p_d, boundary_check=(0, 1))
            b_v = tl.load(p_v, boundary_check=(0, 1))
            b_v -= tl.dot(b_d, b_h.to(b_k.dtype), allow_tf32=False)
                   ^
