Traceback (most recent call last):
  File "/usr/local/lib/python3.10/dist-packages/triton/backends/nvidia/compiler.py", line 292, in make_cubin
    subprocess.run(cmd, shell=True, check=True)
  File "/usr/lib/python3.10/subprocess.py", line 526, in run
    raise CalledProcessError(retcode, process.args,
subprocess.CalledProcessError: Command '/usr/local/lib/python3.10/dist-packages/triton/backends/nvidia/bin/ptxas -lineinfo -v --gpu-name=sm_80 /tmp/tmpj6m9lt_8.ptx -o /tmp/tmpj6m9lt_8.ptx.o 2> /tmp/tmpvooacmcm.log' returned non-zero exit status 255.

During handling of the above exception, another exception occurred:

Traceback (most recent call last):
  File "/workspace/GEAK-agent/src/TritonBench/performance_metrics/perf_G/./golden_metrics/isfinite_kernel_perf.py", line 13, in <module>
    from TritonBench_G_v1.isfinite_kernel import isfinite_func_wrapper_rank_1
  File "/workspace/GEAK-agent/src/TritonBench/data/TritonBench_G_v1/isfinite_kernel.py", line 272, in <module>
    result_gold = test_isfinite_func_wrapper_rank_1()
  File "/workspace/GEAK-agent/src/TritonBench/data/TritonBench_G_v1/isfinite_kernel.py", line 211, in test_isfinite_func_wrapper_rank_1
    isfinite_func_wrapper_rank_1(in_tensor_1, out0=out_tensor_1)
  File "/workspace/GEAK-agent/src/TritonBench/data/TritonBench_G_v1/isfinite_kernel.py", line 127, in isfinite_func_wrapper_rank_1
    isfinite_func_kernel_rank_1[grid](
  File "/usr/local/lib/python3.10/dist-packages/triton/runtime/jit.py", line 345, in <lambda>
    return lambda *args, **kwargs: self.run(grid=grid, warmup=False, *args, **kwargs)
  File "/usr/local/lib/python3.10/dist-packages/triton/runtime/jit.py", line 662, in run
    kernel = self.compile(
  File "/usr/local/lib/python3.10/dist-packages/triton/compiler/compiler.py", line 282, in compile
    next_module = compile_ir(module, metadata)
  File "/usr/local/lib/python3.10/dist-packages/triton/backends/nvidia/compiler.py", line 320, in <lambda>
    stages["cubin"] = lambda src, metadata: self.make_cubin(src, metadata, options, self.capability)
  File "/usr/local/lib/python3.10/dist-packages/triton/backends/nvidia/compiler.py", line 297, in make_cubin
    raise RuntimeError(f'Internal Triton PTX codegen error: \n{log}')
RuntimeError: Internal Triton PTX codegen error: 
ptxas fatal   : Unresolved extern function '__ocml_isinf_f32'

