Traceback (most recent call last):
  File "/usr/local/lib/python3.10/dist-packages/triton/backends/nvidia/compiler.py", line 292, in make_cubin
    subprocess.run(cmd, shell=True, check=True)
  File "/usr/lib/python3.10/subprocess.py", line 526, in run
    raise CalledProcessError(retcode, process.args,
subprocess.CalledProcessError: Command '/usr/local/lib/python3.10/dist-packages/triton/backends/nvidia/bin/ptxas -lineinfo -v --gpu-name=sm_80 /tmp/tmplwrbbh9h.ptx -o /tmp/tmplwrbbh9h.ptx.o 2> /tmp/tmpe2gio5_k.log' returned non-zero exit status 255.

During handling of the above exception, another exception occurred:

Traceback (most recent call last):
  File "/workspace/GEAK-agent/src/TritonBench/performance_metrics/perf_G/./golden_metrics/pow_scalar_tensor_perf.py", line 12, in <module>
    from TritonBench_G_v1.pow_scalar_tensor import pow_func_scalar_tensor_wrapper_rank_1
  File "/workspace/GEAK-agent/src/TritonBench/data/TritonBench_G_v1/pow_scalar_tensor.py", line 231, in <module>
    result_gold = test_pow_func_scalar_tensor_wrapper_rank_1()
  File "/workspace/GEAK-agent/src/TritonBench/data/TritonBench_G_v1/pow_scalar_tensor.py", line 196, in test_pow_func_scalar_tensor_wrapper_rank_1
    pow_func_scalar_tensor_wrapper_rank_1(scalar_value, in_tensor, out0=out_tensor)
  File "/workspace/GEAK-agent/src/TritonBench/data/TritonBench_G_v1/pow_scalar_tensor.py", line 110, in pow_func_scalar_tensor_wrapper_rank_1
    pow_func_scalar_tensor_kernel_rank_1[grid](
  File "/usr/local/lib/python3.10/dist-packages/triton/runtime/jit.py", line 345, in <lambda>
    return lambda *args, **kwargs: self.run(grid=grid, warmup=False, *args, **kwargs)
  File "/usr/local/lib/python3.10/dist-packages/triton/runtime/jit.py", line 662, in run
    kernel = self.compile(
  File "/usr/local/lib/python3.10/dist-packages/triton/compiler/compiler.py", line 282, in compile
    next_module = compile_ir(module, metadata)
  File "/usr/local/lib/python3.10/dist-packages/triton/backends/nvidia/compiler.py", line 320, in <lambda>
    stages["cubin"] = lambda src, metadata: self.make_cubin(src, metadata, options, self.capability)
  File "/usr/local/lib/python3.10/dist-packages/triton/backends/nvidia/compiler.py", line 297, in make_cubin
    raise RuntimeError(f'Internal Triton PTX codegen error: \n{log}')
RuntimeError: Internal Triton PTX codegen error: 
ptxas fatal   : Unresolved extern function '__ocml_pow_f32'

