Traceback (most recent call last):
  File "/usr/local/lib/python3.10/dist-packages/triton/backends/nvidia/compiler.py", line 292, in make_cubin
    subprocess.run(cmd, shell=True, check=True)
  File "/usr/lib/python3.10/subprocess.py", line 526, in run
    raise CalledProcessError(retcode, process.args,
subprocess.CalledProcessError: Command '/usr/local/lib/python3.10/dist-packages/triton/backends/nvidia/bin/ptxas -lineinfo -v --gpu-name=sm_80 /tmp/tmp8885fqe1.ptx -o /tmp/tmp8885fqe1.ptx.o 2> /tmp/tmpsfgyb7sw.log' returned non-zero exit status 255.

During handling of the above exception, another exception occurred:

Traceback (most recent call last):
  File "/workspace/GEAK-agent/src/TritonBench/performance_metrics/perf_G/./golden_metrics/rowwise_quantization_triton_perf.py", line 13, in <module>
    from TritonBench_G_v1.rowwise_quantization_triton import quantize_rowwise
  File "/workspace/GEAK-agent/src/TritonBench/data/TritonBench_G_v1/rowwise_quantization_triton.py", line 88, in <module>
    result_gold = test_quantize_rowwise()
  File "/workspace/GEAK-agent/src/TritonBench/data/TritonBench_G_v1/rowwise_quantization_triton.py", line 72, in test_quantize_rowwise
    output1, output_maxs1 = quantize_rowwise(x1)
  File "/workspace/GEAK-agent/src/TritonBench/data/TritonBench_G_v1/rowwise_quantization_triton.py", line 58, in quantize_rowwise
    _quantize_rowwise[grid](x, output, output_maxs, n_elements, BLOCK_SIZE=x.shape[1], P2=P2)
  File "/usr/local/lib/python3.10/dist-packages/triton/runtime/jit.py", line 345, in <lambda>
    return lambda *args, **kwargs: self.run(grid=grid, warmup=False, *args, **kwargs)
  File "/usr/local/lib/python3.10/dist-packages/triton/runtime/autotuner.py", line 156, in run
    timings = {config: self._bench(*args, config=config, **kwargs) for config in pruned_configs}
  File "/usr/local/lib/python3.10/dist-packages/triton/runtime/autotuner.py", line 156, in <dictcomp>
    timings = {config: self._bench(*args, config=config, **kwargs) for config in pruned_configs}
  File "/usr/local/lib/python3.10/dist-packages/triton/runtime/autotuner.py", line 133, in _bench
    return do_bench(kernel_call, warmup=self.num_warmups, rep=self.num_reps, quantiles=(0.5, 0.2, 0.8))
  File "/usr/local/lib/python3.10/dist-packages/triton/testing.py", line 106, in do_bench
    fn()
  File "/usr/local/lib/python3.10/dist-packages/triton/runtime/autotuner.py", line 114, in kernel_call
    self.fn.run(
  File "/usr/local/lib/python3.10/dist-packages/triton/runtime/jit.py", line 662, in run
    kernel = self.compile(
  File "/usr/local/lib/python3.10/dist-packages/triton/compiler/compiler.py", line 282, in compile
    next_module = compile_ir(module, metadata)
  File "/usr/local/lib/python3.10/dist-packages/triton/backends/nvidia/compiler.py", line 320, in <lambda>
    stages["cubin"] = lambda src, metadata: self.make_cubin(src, metadata, options, self.capability)
  File "/usr/local/lib/python3.10/dist-packages/triton/backends/nvidia/compiler.py", line 297, in make_cubin
    raise RuntimeError(f'Internal Triton PTX codegen error: \n{log}')
RuntimeError: Internal Triton PTX codegen error: 
ptxas fatal   : Unresolved extern function '__triton_hip_llrint'

