/workspace/GEAK-agent/src/TritonBench/data/TritonBench_G_v1/triton_linear_activation.py:223: FutureWarning: `torch.cuda.amp.custom_fwd(args...)` is deprecated. Please use `torch.amp.custom_fwd(args..., device_type='cuda')` instead.
  @custom_fwd(cast_inputs=torch.float16)
Traceback (most recent call last):
  File "/usr/local/lib/python3.10/dist-packages/triton/backends/nvidia/compiler.py", line 292, in make_cubin
    subprocess.run(cmd, shell=True, check=True)
  File "/usr/lib/python3.10/subprocess.py", line 526, in run
    raise CalledProcessError(retcode, process.args,
subprocess.CalledProcessError: Command '/usr/local/lib/python3.10/dist-packages/triton/backends/nvidia/bin/ptxas -lineinfo -v --gpu-name=sm_80 /tmp/tmpfl_5urre.ptx -o /tmp/tmpfl_5urre.ptx.o 2> /tmp/tmp8b7yw9mc.log' returned non-zero exit status 255.

During handling of the above exception, another exception occurred:

Traceback (most recent call last):
  File "/workspace/GEAK-agent/src/TritonBench/performance_metrics/perf_G/./golden_metrics/triton_linear_activation_perf.py", line 7, in <module>
    from TritonBench_G_v1.triton_linear_activation import linear_layer
  File "/workspace/GEAK-agent/src/TritonBench/data/TritonBench_G_v1/triton_linear_activation.py", line 337, in <module>
    result_gold = test_linear_layer()
  File "/workspace/GEAK-agent/src/TritonBench/data/TritonBench_G_v1/triton_linear_activation.py", line 323, in test_linear_layer
    output4 = linear_layer(x, weight, bias, activation="gelu", act_inputs=act_inputs)
  File "/workspace/GEAK-agent/src/TritonBench/data/TritonBench_G_v1/triton_linear_activation.py", line 300, in linear_layer
    return LinearLayer.apply(x, weight, bias, activation, act_inputs)
  File "/usr/local/lib/python3.10/dist-packages/torch/autograd/function.py", line 574, in apply
    return super().apply(*args, **kwargs)  # type: ignore[misc]
  File "/usr/local/lib/python3.10/dist-packages/torch/amp/autocast_mode.py", line 467, in decorate_fwd
    return fwd(*args, **kwargs)
  File "/workspace/GEAK-agent/src/TritonBench/data/TritonBench_G_v1/triton_linear_activation.py", line 262, in forward
    kernel_fma[grid](
  File "/usr/local/lib/python3.10/dist-packages/triton/runtime/jit.py", line 345, in <lambda>
    return lambda *args, **kwargs: self.run(grid=grid, warmup=False, *args, **kwargs)
  File "/usr/local/lib/python3.10/dist-packages/triton/runtime/autotuner.py", line 156, in run
    timings = {config: self._bench(*args, config=config, **kwargs) for config in pruned_configs}
  File "/usr/local/lib/python3.10/dist-packages/triton/runtime/autotuner.py", line 156, in <dictcomp>
    timings = {config: self._bench(*args, config=config, **kwargs) for config in pruned_configs}
  File "/usr/local/lib/python3.10/dist-packages/triton/runtime/autotuner.py", line 133, in _bench
    return do_bench(kernel_call, warmup=self.num_warmups, rep=self.num_reps, quantiles=(0.5, 0.2, 0.8))
  File "/usr/local/lib/python3.10/dist-packages/triton/testing.py", line 106, in do_bench
    fn()
  File "/usr/local/lib/python3.10/dist-packages/triton/runtime/autotuner.py", line 114, in kernel_call
    self.fn.run(
  File "/usr/local/lib/python3.10/dist-packages/triton/runtime/autotuner.py", line 338, in run
    return self.fn.run(*args, **kwargs)
  File "/usr/local/lib/python3.10/dist-packages/triton/runtime/jit.py", line 662, in run
    kernel = self.compile(
  File "/usr/local/lib/python3.10/dist-packages/triton/compiler/compiler.py", line 282, in compile
    next_module = compile_ir(module, metadata)
  File "/usr/local/lib/python3.10/dist-packages/triton/backends/nvidia/compiler.py", line 320, in <lambda>
    stages["cubin"] = lambda src, metadata: self.make_cubin(src, metadata, options, self.capability)
  File "/usr/local/lib/python3.10/dist-packages/triton/backends/nvidia/compiler.py", line 297, in make_cubin
    raise RuntimeError(f'Internal Triton PTX codegen error: \n{log}')
RuntimeError: Internal Triton PTX codegen error: 
ptxas fatal   : Unresolved extern function '__ocml_erf_f32'

